
Model Version: v1
Data Version: v2
Algorithm: RandomForest
Accuracy: 0.9993
Git Commit: 1ff02bb186a8752db6705a759c2055d19540e0da
Timestamp: 2026-02-06T22:00:36.953199
Hyperparameters: {'algorithm': 'RandomForest', 'n_estimators': 100, 'max_depth': 10, 'random_state': 42}
Metrics: {'accuracy': 0.9993333333333333, 'classification_report': {'0': {'precision': 0.9993199591975519, 'recall': 1.0, 'f1-score': 0.9996598639455783, 'support': 2939.0}, '1': {'precision': 1.0, 'recall': 0.9672131147540983, 'f1-score': 0.9833333333333333, 'support': 61.0}, 'accuracy': 0.9993333333333333, 'macro avg': {'precision': 0.999659979598776, 'recall': 0.9836065573770492, 'f1-score': 0.9914965986394557, 'support': 3000.0}, 'weighted avg': {'precision': 0.9993337866938684, 'recall': 0.9993333333333333, 'f1-score': 0.9993278911564626, 'support': 3000.0}}}
Classification Report: {'0': {'precision': 0.9993199591975519, 'recall': 1.0, 'f1-score': 0.9996598639455783, 'support': 2939.0}, '1': {'precision': 1.0, 'recall': 0.9672131147540983, 'f1-score': 0.9833333333333333, 'support': 61.0}, 'accuracy': 0.9993333333333333, 'macro avg': {'precision': 0.999659979598776, 'recall': 0.9836065573770492, 'f1-score': 0.9914965986394557, 'support': 3000.0}, 'weighted avg': {'precision': 0.9993337866938684, 'recall': 0.9993333333333333, 'f1-score': 0.9993278911564626, 'support': 3000.0}}
Model Version: v2
Data Version: v2
Algorithm: RandomForest
Accuracy: 0.9993
Git Commit: 4b205b908eea04a4ed5c7165a73149cad5b58158
Timestamp: 2026-02-06T22:12:10.286821
Hyperparameters: {'algorithm': 'RandomForest', 'n_estimators': 200, 'max_depth': 10, 'random_state': 42}
Metrics: {'accuracy': 0.9993333333333333, 'classification_report': {'0': {'precision': 0.9993199591975519, 'recall': 1.0, 'f1-score': 0.9996598639455783, 'support': 2939.0}, '1': {'precision': 1.0, 'recall': 0.9672131147540983, 'f1-score': 0.9833333333333333, 'support': 61.0}, 'accuracy': 0.9993333333333333, 'macro avg': {'precision': 0.999659979598776, 'recall': 0.9836065573770492, 'f1-score': 0.9914965986394557, 'support': 3000.0}, 'weighted avg': {'precision': 0.9993337866938684, 'recall': 0.9993333333333333, 'f1-score': 0.9993278911564626, 'support': 3000.0}}}
Classification Report: {'0': {'precision': 0.9993199591975519, 'recall': 1.0, 'f1-score': 0.9996598639455783, 'support': 2939.0}, '1': {'precision': 1.0, 'recall': 0.9672131147540983, 'f1-score': 0.9833333333333333, 'support': 61.0}, 'accuracy': 0.9993333333333333, 'macro avg': {'precision': 0.999659979598776, 'recall': 0.9836065573770492, 'f1-score': 0.9914965986394557, 'support': 3000.0}, 'weighted avg': {'precision': 0.9993337866938684, 'recall': 0.9993333333333333, 'f1-score': 0.9993278911564626, 'support': 3000.0}}


Model Version: v3
Data Version: v2
Algorithm: RandomForest
Accuracy: 0.9993
Git Commit: 4488c5957fed2999858c2cf23d9ce494bf52329c
Timestamp: 2026-02-06T22:39:17.989987
Feature Names: ['Air temperature [K]', 'Process temperature [K]', 'Rotational speed [rpm]', 'Torque [Nm]', 'Tool wear [min]', 'TWF', 'HDF', 'PWF', 'OSF', 'RNF', 'Type_L', 'Type_M']
Hyperparameters: {'algorithm': 'RandomForest', 'n_estimators': 200, 'max_depth': 10, 'random_state': 42}
Metrics: {'accuracy': 0.9993333333333333, 'classification_report': {'0': {'precision': 0.9993199591975519, 'recall': 1.0, 'f1-score': 0.9996598639455783, 'support': 2939.0}, '1': {'precision': 1.0, 'recall': 0.9672131147540983, 'f1-score': 0.9833333333333333, 'support': 61.0}, 'accuracy': 0.9993333333333333, 'macro avg': {'precision': 0.999659979598776, 'recall': 0.9836065573770492, 'f1-score': 0.9914965986394557, 'support': 3000.0}, 'weighted avg': {'precision': 0.9993337866938684, 'recall': 0.9993333333333333, 'f1-score': 0.9993278911564626, 'support': 3000.0}}}
Classification Report: {'0': {'precision': 0.9993199591975519, 'recall': 1.0, 'f1-score': 0.9996598639455783, 'support': 2939.0}, '1': {'precision': 1.0, 'recall': 0.9672131147540983, 'f1-score': 0.9833333333333333, 'support': 61.0}, 'accuracy': 0.9993333333333333, 'macro avg': {'precision': 0.999659979598776, 'recall': 0.9836065573770492, 'f1-score': 0.9914965986394557, 'support': 3000.0}, 'weighted avg': {'precision': 0.9993337866938684, 'recall': 0.9993333333333333, 'f1-score': 0.9993278911564626, 'support': 3000.0}}


Model Version: v4
Data Version: v3
Algorithm: RandomForest
Accuracy: 0.9993
Git Commit: 12ddd2d544b014d667b3230a0536a6f4656b551b
Timestamp: 2026-02-14T23:47:15.714941
Feature Names: ['Air temperature [K]', 'Process temperature [K]', 'Rotational speed [rpm]', 'Torque [Nm]', 'Tool wear [min]', 'TWF', 'HDF', 'PWF', 'OSF', 'RNF', 'Type_L', 'Type_M']
Hyperparameters: {'algorithm': 'RandomForest', 'n_estimators': 200, 'max_depth': 10, 'random_state': 42}
Metrics: {'accuracy': 0.9993333333333333, 'classification_report': {'0': {'precision': 0.9993199591975519, 'recall': 1.0, 'f1-score': 0.9996598639455783, 'support': 2939.0}, '1': {'precision': 1.0, 'recall': 0.9672131147540983, 'f1-score': 0.9833333333333333, 'support': 61.0}, 'accuracy': 0.9993333333333333, 'macro avg': {'precision': 0.999659979598776, 'recall': 0.9836065573770492, 'f1-score': 0.9914965986394557, 'support': 3000.0}, 'weighted avg': {'precision': 0.9993337866938684, 'recall': 0.9993333333333333, 'f1-score': 0.9993278911564626, 'support': 3000.0}}}
Classification Report: {'0': {'precision': 0.9993199591975519, 'recall': 1.0, 'f1-score': 0.9996598639455783, 'support': 2939.0}, '1': {'precision': 1.0, 'recall': 0.9672131147540983, 'f1-score': 0.9833333333333333, 'support': 61.0}, 'accuracy': 0.9993333333333333, 'macro avg': {'precision': 0.999659979598776, 'recall': 0.9836065573770492, 'f1-score': 0.9914965986394557, 'support': 3000.0}, 'weighted avg': {'precision': 0.9993337866938684, 'recall': 0.9993333333333333, 'f1-score': 0.9993278911564626, 'support': 3000.0}}


Model Version: v4
Data Version: v4
Algorithm: RandomForest
Accuracy: 0.9993
Git Commit: 7a8da679acc473ac81233a7d91d484f560688551
Timestamp: 2026-02-15T00:52:03.689221
Hyperparameters: {'algorithm': 'RandomForest', 'n_estimators': 200, 'max_depth': 10, 'random_state': 42}
Metrics: {'accuracy': 0.9993333333333333, 'classification_report': {'0': {'precision': 0.9993199591975519, 'recall': 1.0, 'f1-score': 0.9996598639455783, 'support': 2939.0}, '1': {'precision': 1.0, 'recall': 0.9672131147540983, 'f1-score': 0.9833333333333333, 'support': 61.0}, 'accuracy': 0.9993333333333333, 'macro avg': {'precision': 0.999659979598776, 'recall': 0.9836065573770492, 'f1-score': 0.9914965986394557, 'support': 3000.0}, 'weighted avg': {'precision': 0.9993337866938684, 'recall': 0.9993333333333333, 'f1-score': 0.9993278911564626, 'support': 3000.0}}}
Classification Report: {'0': {'precision': 0.9993199591975519, 'recall': 1.0, 'f1-score': 0.9996598639455783, 'support': 2939.0}, '1': {'precision': 1.0, 'recall': 0.9672131147540983, 'f1-score': 0.9833333333333333, 'support': 61.0}, 'accuracy': 0.9993333333333333, 'macro avg': {'precision': 0.999659979598776, 'recall': 0.9836065573770492, 'f1-score': 0.9914965986394557, 'support': 3000.0}, 'weighted avg': {'precision': 0.9993337866938684, 'recall': 0.9993333333333333, 'f1-score': 0.9993278911564626, 'support': 3000.0}}

